// Jest Snapshot v1, https://goo.gl/fbAQLP

exports[`<Brand /> matches the snapshot 1`] = `
<div
  className="brand"
>
  <IconLogo
    height={40}
    width={40}
  />
  <h1
    className="name"
  >
    ReMix
  </h1>
</div>
`;
