// Jest Snapshot v1, https://goo.gl/fbAQLP

exports[`<App /> matches the snapshot 1`] = `
<main
  role="main"
>
  <Header />
  <Search />
</main>
`;
